../Core/Src/main.c:123:1:__io_putchar	16	static
../Core/Src/main.c:136:5:main	24	static
../Core/Src/main.c:278:6:SystemClock_Config	96	static
../Core/Src/main.c:328:13:MX_ADC1_Init	32	static
../Core/Src/main.c:396:13:MX_SPI2_Init	8	static
../Core/Src/main.c:436:13:MX_TIM1_Init	112	static
../Core/Src/main.c:516:13:MX_TIM2_Init	72	static
../Core/Src/main.c:587:13:MX_USART2_UART_Init	8	static
../Core/Src/main.c:620:13:MX_DMA_Init	16	static
../Core/Src/main.c:644:13:MX_GPIO_Init	40	static
../Core/Src/main.c:718:7:medianFilter	64	dynamic
../Core/Src/main.c:737:7:FIR_Filter	24	static
../Core/Src/main.c:765:6:Error_Handler	4	static,ignoring_inline_asm
